// Jest Snapshot v1, https://goo.gl/fbAQLP

exports[`SlidingPanel Component Rendering Should render something even if NO props are received 1`] = `
<div
  className="right"
  id="sliding-panel"
>
  <div
    className="sliding-panel-trigger"
  >
    <input
      className="sliding-panel-trigger-checkbox"
      id="sliding-panel-pin"
      onChange={[Function]}
      type="checkbox"
    />
    <label
      className="sliding-panel-trigger-pinner"
      htmlFor="sliding-panel-pin"
    >
      <i
        className="pin icon"
      />
    </label>
  </div>
  <div
    id="sliding-panel-content"
  />
</div>
`;
