// Jest Snapshot v1, https://goo.gl/fbAQLP

exports[`ContentPane Component Rendering Should render something even if NO props are received 1`] = `
<div
  className="pane-content"
>
  <div
    className="pane-content-body"
  />
</div>
`;

exports[`ContentPane Component Rendering Should render something if it receives props 1`] = `
<div
  className="pane-content"
>
  <div
    className="pane-content-body"
  />
</div>
`;

exports[`ContentPane behaviour should pass a selected value to the onClick handler 1`] = `
<component
  onClick={[Function]}
/>
`;
